// Vitest Snapshot v1, https://vitest.dev/guide/snapshot.html

exports[`notation helpers — catalog process_name corpus > B015 > normalizeNotation 1`] = `"Inclusive b \\to s \\ell^+ \\ell^- rare B decay"`;

exports[`notation helpers — catalog process_name corpus > B015 > notationToMath 1`] = `"$Inclusive b \\to s \\ell^+ \\ell^- rare B decay$"`;

exports[`notation helpers — catalog process_name corpus > B015 > processNameToHtml 1`] = `"Inclusive b $ \\to $ s $\\ell^+ \\ell^-$ rare B decay"`;

exports[`notation helpers — catalog process_name corpus > B015 > processNameToPlain 1`] = `"Inclusive b → s ell+ ell- rare B decay"`;

exports[`notation helpers — catalog process_name corpus > CR002 > normalizeNotation 1`] = `"Pair production of exotic-charge T_{5/3} custodial top partner"`;

exports[`notation helpers — catalog process_name corpus > CR002 > notationToMath 1`] = `"$Pair production of exotic-charge T_{5/3} custodial top partner$"`;

exports[`notation helpers — catalog process_name corpus > CR002 > processNameToHtml 1`] = `"Pair production of exotic-charge $T_{5/3}$ custodial top partner"`;

exports[`notation helpers — catalog process_name corpus > CR002 > processNameToPlain 1`] = `"Pair production of exotic-charge T_{5/3} custodial top partner"`;

exports[`notation helpers — catalog process_name corpus > K018 > normalizeNotation 1`] = `"Kaon semileptonic decays \\,\\text{ and }\\, source-level V_{us} input"`;

exports[`notation helpers — catalog process_name corpus > K018 > notationToMath 1`] = `"$Kaon semileptonic decays \\,\\text{ and }\\, source-level V_{us} input$"`;

exports[`notation helpers — catalog process_name corpus > K018 > processNameToHtml 1`] = `"Kaon semileptonic decays and source-level $V_{us}$ input"`;

exports[`notation helpers — catalog process_name corpus > K018 > processNameToPlain 1`] = `"Kaon semileptonic decays and source-level V_us input"`;

exports[`notation helpers — catalog process_name corpus > K020 > normalizeNotation 1`] = `"LFV charged-kaon semileptonic decay"`;

exports[`notation helpers — catalog process_name corpus > K020 > notationToMath 1`] = `"$LFV charged-kaon semileptonic decay$"`;

exports[`notation helpers — catalog process_name corpus > K020 > processNameToHtml 1`] = `"LFV charged-kaon semileptonic decay"`;

exports[`notation helpers — catalog process_name corpus > K020 > processNameToPlain 1`] = `"LFV charged-kaon semileptonic decay"`;

exports[`notation helpers — catalog process_name corpus > T010 > normalizeNotation 1`] = `"Z-pole bottom-quark partial-width ratio \\,\\text{ and }\\, asymmetries"`;

exports[`notation helpers — catalog process_name corpus > T010 > notationToMath 1`] = `"$Z-pole bottom-quark partial-width ratio \\,\\text{ and }\\, asymmetries$"`;

exports[`notation helpers — catalog process_name corpus > T010 > processNameToHtml 1`] = `"Z-pole bottom-quark partial-width ratio and asymmetries"`;

exports[`notation helpers — catalog process_name corpus > T010 > processNameToPlain 1`] = `"Z-pole bottom-quark partial-width ratio and asymmetries"`;
