// Vitest Snapshot v1, https://vitest.dev/guide/snapshot.html

exports[`texProseToHtml — process_name corpus > B015 1`] = `"Inclusive $b \\to s$ ell+ ell- rare B decay"`;

exports[`texProseToHtml — process_name corpus > CR002 1`] = `"Pair production of exotic-charge T_{5/3} custodial top partner"`;

exports[`texProseToHtml — process_name corpus > K018 1`] = `"Kaon semileptonic decays and source-level V_us input"`;

exports[`texProseToHtml — process_name corpus > K020 1`] = `"LFV charged-kaon semileptonic decay"`;

exports[`texProseToHtml — process_name corpus > T010 1`] = `"Z-pole bottom-quark partial-width ratio and asymmetries"`;

exports[`texProseToHtml — prose fragments exercising rewrite rules > em-dash-shorthand 1`] = `"Inclusive $b \\to s \\gamma$, the rate is dominated by the radiative penguin."`;

exports[`texProseToHtml — prose fragments exercising rewrite rules > href-and-jargon 1`] = `"See <a href="https://example.org/note" target="_blank" rel="noopener noreferrer">the author note</a> for this catalog wave results."`;

exports[`texProseToHtml — prose fragments exercising rewrite rules > shorthand-arrows-and-pairs 1`] = `"The $Z b \\bar{b}$ coupling and $\\nu \\bar{\\nu}$ pair-production constrain $B \\to K \\bar{\\nu}$."`;

exports[`texProseToHtml — prose fragments exercising rewrite rules > texttt-textbf-mix 1`] = `"The <code>deltaf2</code> module wraps <strong>$\\Delta F = 2$</strong> Wilson coefficients."`;
